============================================================
总 Win Rate: 73.76% (149.0 / 202)
============================================================

【一致性分解】
  DPO 完胜（两次都 DPO 赢）             : 131 ( 64.9%)
  DPO 一胜一平                      :   1 (  0.5%)
  两次都平                          :   1 (  0.5%)
  不一致（position bias）            :  33 ( 16.3%)
  SFT 一胜一平                      :   1 (  0.5%)
  SFT 完胜（两次都 SFT 赢）             :  35 ( 17.3%)

【Position bias 诊断】
  不一致率: 16.3% (越低说明 judge 越稳)
  → judge 中等稳定（合理范围）

【按 tag 分解 Win Rate】
  婚恋       (n=33):  71.2%
  人际       (n=25):  70.0%
  家庭       (n=23):  65.2%
  治疗       (n=20):  66.2%
  情绪       (n=20):  71.2%
  成长       (n=18):  86.1%
  自我       (n=16):  81.2%
  行为       (n=14):  78.6%
  社会       (n=10):  90.0%
  职场       (n=10):  70.0%
  性心理      (n= 8):  68.8%
  心理学知识    (n= 5):  90.0%

【纯净 Win Rate（去掉 tie 和 bias）】
  DPO 131 : 35 SFT
  纯净 win rate: 78.9%
