
Loaded 1232 prompts × 4 samples = 4928 responses
 v2.1 scorer | DEFAULT_MIN_GAP=3.5 | per-tag overrides: {'心理学知识': 3.0}
 Built 908 pairs (skipped 324)
  chosen score   avg = +1.53
  rejected score avg = -4.06
  avg gap = +5.59
  chosen avg length   = 490.3 chars
  rejected avg length = 532.7 chars
  length diff (chosen - rejected) = -42.4 chars

Pairs per tag:
  婚恋: 148
  人际: 107
  家庭: 102
  情绪: 102
  治疗: 88
  成长: 74
  自我: 71
  行为: 67
  职场: 50
  社会: 38
  性心理: 35
  心理学知识: 26

Split: 868 train + 40 val

Wrote:
  /home/b311/data/zhangwei/zsq/Psy/data/dpo_train.jsonl  (7101.8 KB)
  /home/b311/data/zhangwei/zsq/Psy/data/dpo_val.jsonl    (317.8 KB)
  /home/b311/data/zhangwei/zsq/Psy/data/scoring_debug.jsonl  (7965.6 KB)

============================================================
Sample pairs (sorted by gap, showing 3):
============================================================

--- prompt_id=性心理_3240_cut12 | tag=性心理 | gap=16.5 ---
  CHOSEN   (2.0): 读完你的留言，我能感受到你内心的沉重。这不仅仅是一段关系的结束，更像是一次心灵的“风暴”，让你陷入了深深的无力感和自我怀疑。

你说"**只想有个明确的答案**"，这其实是心理咨询中非常核心的需求。当我们感到困惑时，大脑往往会自动寻找一个决定性的信号（比如“我们没在一起”、“对方不爱了”或“他好了”
  REJECTED (-14.5): 听完你的描述，我非常理解你此刻内心的挣扎。当你试图强迫自己“保持亲密”却又害怕失去联系，这种**自我实现的矛盾**（既想要期待的结果，又害怕无法达成的结果）是最让我 感同身受的。

你现在的状态，其实正是理情行为疗法（REBT）特别强调的 **“非理性信念”在起作用**。你现在的想法可能包含以下几种非
  all 4 scores: [2.0, 1.5, -1.0, -14.5]

--- prompt_id=心理学知识_4670_cut24 | tag=心理学知识 | gap=14.5 ---
  CHOSEN   (4.0): 太好了！你愿意尝试并表现出对改善关系的重视，这本身就是很大的一步。记住，**试着用“我感到……当……"来表达感受**，而不是一味指责，这能帮你构建更温和、更有效的连接。

不过，如果沟通依然让你感到受伤或困扰，或者对方拒绝倾听、回避，那么这也是一种非常正常的反应。这时候，寻求专业心理咨询师或伴侣咨询
  REJECTED (-10.5): 谢谢你愿意尝试。这是一个非常积极的信号，说明你在努力改善沟通，这本身就是改变的开始。

既然你已经决定如何开始，我们可以先从"**具体的事实与感受的分离**"入手。在理情行为疗法（REBT）中，沟通的核心往往不在于对方“听懂了”，而在于你如何清晰地描述**自己**（What/How）与**需 求**（
  all 4 scores: [4.0, -1.0, -7.0, -10.5]

--- prompt_id=自我_1973_cut28 | tag=自我 | gap=14.5 ---
  CHOSEN   (1.5): 您提到的准备和认知调整是非常有智慧的行动。您发现，在熟悉的人面前，紧张感似乎会减少，这是因为那些关系让您感到舒适、不需要刻意维护。这种“安全区”的确为您提供了一个 很好的试错和放松机会。

不过，关于"**准备**"这个想法，我听到您意识到它能帮助您，这听起来很棒。但您可能会发现，很多时候紧张感并没有
  REJECTED (-13.0): 您提到的这种“提前准备”和“换位思考”的想法，在心理学术语中，我们称之为**“认知重构”**或**“认知策略”**。

这恰恰是理情行为疗法（RBT）非常强调的核心部分。虽然您现在已经意识到这些想法（“如果我提前准备，我就不会紧张”）可能只是您的**非理性信念**（例如：“我必须完美，因为我怕被否定
  all 4 scores: [1.5, 1.0, -4.5, -13.0]
